../Core/Src/cube_patterns.c:94:6:CUBE_Patterns_SetMode	0	static
../Core/Src/cube_patterns.c:121:9:CUBE_Patterns_GetMode	0	static
../Core/Src/cube_patterns.c:130:9:CUBE_Patterns_GetCurrentPattern	0	static
../Core/Src/cube_patterns.c:140:6:CUBE_Patterns_ShowStaticPattern	24	static
../Core/Src/cube_patterns.c:22:6:CUBE_Patterns_Init	8	static
../Core/Src/cube_patterns.c:106:6:CUBE_Patterns_NextPattern	8	static
../Core/Src/cube_patterns.c:272:6:pattern_PlaneWave	56	static
../Core/Src/cube_patterns.c:299:6:pattern_Rain	24	static
../Core/Src/cube_patterns.c:325:6:pattern_Sphere	56	static
../Core/Src/cube_patterns.c:359:6:pattern_Spiral	64	static
../Core/Src/cube_patterns.c:389:6:pattern_FireEffect	48	static
../Core/Src/cube_patterns.c:425:6:pattern_BouncingBall	48	static
../Core/Src/cube_patterns.c:490:6:pattern_Snake3D	32	static
../Core/Src/cube_patterns.c:543:6:pattern_Ripples	56	static
../Core/Src/cube_patterns.c:583:6:pattern_Helix	72	static
../Core/Src/cube_patterns.c:622:6:pattern_Fountain	48	static
../Core/Src/cube_patterns.c:39:6:CUBE_Patterns_ProcessAnimation	8	static
