../Core/Src/ws2812b.c:299:6:DMA_TransferError	8	static
../Core/Src/ws2812b.c:464:13:ws2812b_set_pixel	12	static
../Core/Src/ws2812b.c:237:13:loadNextFramebufferData	24	static
../Core/Src/ws2812b.c:332:6:DMA_TransferCompleteHandler	16	static
../Core/Src/ws2812b.c:306:6:DMA_TransferHalfHandler	24	static
../Core/Src/ws2812b.c:394:6:DMA2_Stream2_IRQHandler	8	static
../Core/Src/ws2812b.c:409:6:TIM1_UP_TIM10_IRQHandler	8	static
../Core/Src/ws2812b.c:423:6:HAL_TIM_PeriodElapsedCallback	0	static
../Core/Src/ws2812b.c:632:6:ws2812b_init	72	static
../Core/Src/ws2812b.c:649:6:ws2812b_handle	24	static
